RAM Allocation [bytes]
Variable                                                                          Address   Size
------------------------------------------------------------------------------------------------

EEPROM Allocation [bytes]
Variable                                                                          Address   Size
------------------------------------------------------------------------------------------------

Register Allocation
Variable                                                                          Register  Size
------------------------------------------------------------------------------------------------
Code_tay_cam                                                                      R5           1
status_code                                                                       R4           1
time_ms                                                                           R6,R7        2
is_alert                                                                          R9           1

FLASH Allocation [words]
Function                                                                          Address   Size
------------------------------------------------------------------------------------------------
SPI_RW                                                                            0x00046     25
SPI_Read                                                                          0x0005F     16
RF_Init                                                                           0x0006F      8
RF_Write                                                                          0x00077      9
RF_Write_Address                                                                  0x00083     27
RX_Mode                                                                           0x0009E      3
RF_Config                                                                         0x000A1     27
RF_RX_Read                                                                        0x000BC     19
timer0_ovf_isr                                                                    0x000CF     44
main                                                                              0x000FB     41
blink_alert                                                                       0x00124     12
blink_normal                                                                      0x00130      9
