RAM Allocation [bytes]
Variable                                                                          Address   Size
------------------------------------------------------------------------------------------------
glcd_state                                                                        0x017D      29
glcd_buff                                                                         0x019A     150
gfx_addr                                                                          0x0230       2
gfx_buffer                                                                        0x0232     504
_seed                                                                             0x042A       4

EEPROM Allocation [bytes]
Variable                                                                          Address   Size
------------------------------------------------------------------------------------------------

Register Allocation
Variable                                                                          Register  Size
------------------------------------------------------------------------------------------------
Code_tay_cam                                                                      R5           1
xx                                                                                R4           1
dem                                                                               R7           1
RC                                                                                R6           1

FLASH Allocation [words]
Function                                                                          Address   Size
------------------------------------------------------------------------------------------------
timer0_ovf_isr                                                                    0x0016A     19
Init_System                                                                       0x0017D    101
SPI_RW                                                                            0x001E2     24
SPI_Read                                                                          0x001FA     16
RF_Init                                                                           0x0020A      8
RF_Write                                                                          0x00212      8
RF_Command                                                                        0x0021A      6
RF_Write_Address                                                                  0x00220     20
RX_Mode                                                                           0x00234      5
RF_Config                                                                         0x00239     29
RF_RX_Read                                                                        0x00256     19
main                                                                              0x00269     37
put_buff_G100                                                                     0x0028E     44
_print_G100                                                                       0x002BA    277
sprintf                                                                           0x003CF     42
pcd8544_delay_G101                                                                0x003F9      1
pcd8544_wrbus_G101                                                                0x003FA     22
pcd8544_wrcmd                                                                     0x00410      5
pcd8544_wrdata_G101                                                               0x00415      5
pcd8544_setaddr_G101                                                              0x0041A     17
pcd8544_gotoxy                                                                    0x0042B     11
pcd8544_rdbyte                                                                    0x00436     12
pcd8544_wrbyte                                                                    0x00442      7
glcd_init                                                                         0x00449    102
glcd_display                                                                      0x004AF     10
glcd_clear                                                                        0x004B9     25
pcd8544_wrmasked_G101                                                             0x004D2     55
glcd_block                                                                        0x00509    408
glcd_clipx                                                                        0x006A1     15
glcd_clipy                                                                        0x006B0     13
glcd_getcharw_G102                                                                0x006BD     94
glcd_new_line_G102                                                                0x0071B     15
glcd_putchar                                                                      0x0072A     87
glcd_outtext                                                                      0x00781     15
glcd_moveto                                                                       0x00790     12
memset                                                                            0x0079C     15
strlen                                                                            0x007AB     11
strlenf                                                                           0x007B6     12
glcd_getmask                                                                      0x007C2     10
glcd_mappixcolor1bit                                                              0x007CC     39
glcd_readmem                                                                      0x007F3     26
glcd_writemem                                                                     0x0080D     29
